uk gas demand.csv
DATE,cons,demanddown,demandup,dfri,dindex,dintexport,dintimport,dmon,dsat,dsun,dthu,dtue,dwed,dweek,dweekend,intcon,mapr,maug,mdec,mfeb,mindex,mjan,mjul,mjun,mmar,mmay,mnov,moct,msep,price,supply,tempday,teodemand,week,weekend,wind,windc,windcn,wk,wknd
7/29/2002,153.2,1,0,0,1,0,1,1,0,0,0,0,0,1,0,-5.1,0,0,0,0,7,0,1,0,0,0,0,0,0,8.739,180.8,26.14,180.96,1,0,2.88,25.43190072,16.24206587,1,0
7/30/2002,154,1,0,0,2,0,1,0,0,0,0,1,0,1,0,-5.08,0,0,0,0,7,0,1,0,0,0,0,0,0,7.618,188.3,21.05,183.7,1,0,2.95,19.74421731,18.39090728,1,0
7/31/2002,157.8,1,0,0,3,0,1,0,0,0,0,0,1,1,0,-5.04,0,0,0,0,7,0,1,0,0,0,0,0,0,7.618,188.3,17.78,185.25,1,0,2.65,16.52391461,15.63624115,1,0
8/1/2002,153.3,1,0,0,4,1,0,0,0,0,1,0,0,1,0,16.75,0,1,0,0,8,0,0,0,0,0,0,0,0,7.618,201.7,17.9,192.47,1,0,2.33,17.12391925,14.50594301,1,0
8/2/2002,152.2,1,0,1,5,1,0,0,0,0,0,0,0,0,1,14.13,0,1,0,0,8,0,0,0,0,0,0,0,0,4.803,204.3,19,182.84,1,0,2.98,17.43438791,11.58616509,1,0
8/3/2002,133.6,1,0,0,6,1,0,0,1,0,0,0,0,0,1,33.1,0,1,0,0,8,0,0,0,0,0,0,0,0,5.548,193,18.29,192.6,0,1,1.83,18.34977458,15.45159947,0,1
8/4/2002,135.6,1,0,0,7,1,0,0,0,1,0,0,0,0,1,40.37,0,1,0,0,8,0,0,0,0,0,0,0,0,6.379,208.8,19.69,203.62,0,1,3.15,18.01338396,12.71008107,0,1
8/5/2002,147.5,1,0,0,1,1,0,1,0,0,0,0,0,1,0,38.02,0,1,0,0,8,0,0,0,0,0,0,0,0,9.116,220.6,20.01,211.84,1,0,3.2,18.32114683,12.13998234,1,0
8/6/2002,150,1,0,0,2,1,0,0,0,0,0,1,0,1,0,41.92,0,1,0,0,8,0,0,0,0,0,0,0,0,11.921,219.9,21.69,213.05,1,0,4.1,19.48031387,12.7862164,1,0
8/7/2002,150.5,1,0,0,3,1,0,0,0,0,0,0,1,1,0,52.3,0,1,0,0,8,0,0,0,0,0,0,0,0,11.921,232.2,22.59,223.04,1,0,4.1,20.55615096,14.2326196,1,0
8/8/2002,163.8,1,0,0,4,1,0,0,0,0,1,0,0,1,0,48.91,0,1,0,0,8,0,0,0,0,0,0,0,0,11.921,232.5,17.27,224.09,1,0,1.8,17.39132009,15.69450873,1,0
8/9/2002,160.4,1,0,1,5,1,0,0,0,0,0,0,0,0,1,51.41,0,1,0,0,8,0,0,0,0,0,0,0,0,11.182,229.5,17.03,223.66,1,0,3.95,14.06985217,10.45451398,1,0
8/10/2002,148.5,1,0,0,6,1,0,0,1,0,0,0,0,0,1,44.35,0,1,0,0,8,0,0,0,0,0,0,0,0,10.558,227.8,16.61,212.72,0,1,3.3,14.34890413,11.13986872,0,1
8/11/2002,145.8,1,0,0,7,1,0,0,0,1,0,0,0,0,1,54.62,0,1,0,0,8,0,0,0,0,0,0,0,0,11.374,227.9,18.35,219.67,0,1,4.93,14.75050059,10.07912702,0,1
8/12/2002,157.4,1,0,0,1,1,0,1,0,0,0,0,0,1,0,50.48,0,1,0,0,8,0,0,0,0,0,0,0,0,11.623,237.4,18.18,224.01,1,0,4.73,14.70772423,10.99249144,1,0
8/13/2002,156.8,1,0,0,2,1,0,0,0,0,0,1,0,1,0,50.76,0,1,0,0,8,0,0,0,0,0,0,0,0,11.817,222.4,21.73,218.1,1,0,4.65,19.1422453,10.85464399,1,0
8/14/2002,149.2,1,0,0,3,1,0,0,0,0,0,0,1,1,0,35.83,0,1,0,0,8,0,0,0,0,0,0,0,0,11.817,230.8,21.24,179.32,1,0,5.55,17.96438576,12.63287969,1,0
8/15/2002,150.8,1,0,0,4,0,1,0,0,0,1,0,0,1,0,-1.88,0,1,0,0,8,0,0,0,0,0,0,0,0,11.817,171.2,22.44,179.32,1,0,3.3,20.98318655,14.57649529,1,0
8/16/2002,146.7,1,0,1,5,1,0,0,0,0,0,0,0,0,1,0,0,1,0,0,8,0,0,0,0,0,0,0,0,12.245,183,21.99,176.74,1,0,2.25,21.51513064,14.59917388,1,0
8/17/2002,135.4,1,0,0,6,1,0,0,1,0,0,0,0,0,1,0,0,1,0,0,8,0,0,0,0,0,0,0,0,12.807,178.1,26.54,165.38,0,1,7,24.32284046,11.33396541,0,1
8/18/2002,140.2,1,0,0,7,1,0,0,0,1,0,0,0,0,1,6.39,0,1,0,0,8,0,0,0,0,0,0,0,0,13.275,177.3,21.61,165.38,0,1,3.25,20.08365109,14.7538144,0,1
8/19/2002,153.3,1,0,0,1,1,0,1,0,0,0,0,0,1,0,11.87,0,1,0,0,8,0,0,0,0,0,0,0,0,14.745,205.4,19.99,196,1,0,2.25,19.42886917,15.99696906,1,0
8/20/2002,154,1,0,0,2,1,0,0,0,0,0,1,0,1,0,18.71,0,1,0,0,8,0,0,0,0,0,0,0,0,9.813,201.5,19.47,192.69,1,0,3.38,17.51930559,12.7938608,1,0
8/21/2002,156.9,1,0,0,3,1,0,0,0,0,0,0,1,1,0,31.78,0,1,0,0,8,0,0,0,0,0,0,0,0,9.813,206.3,20.19,199.8,1,0,4.3,17.52219033,10.63510874,1,0
8/22/2002,155.4,1,0,0,4,1,0,0,0,0,1,0,0,1,0,43.54,0,1,0,0,8,0,0,0,0,0,0,0,0,10.2,203.1,20.14,208.27,1,0,2.28,19.54516536,13.08977424,1,0
8/23/2002,149.8,1,0,1,5,1,0,0,0,0,0,0,0,0,1,48.85,0,1,0,0,8,0,0,0,0,0,0,0,0,12.531,216.7,18.83,209.61,1,0,2.18,18.32379235,14.87483176,1,0
8/24/2002,130.8,1,0,0,6,1,0,0,1,0,0,0,0,0,1,49.51,0,1,0,0,8,0,0,0,0,0,0,0,0,11.821,208.3,19.43,197.96,0,1,2.1,19.0629492,15.10881172,0,1
8/25/2002,132.7,1,0,0,7,1,0,0,0,1,0,0,0,0,1,46.34,0,1,0,0,8,0,0,0,0,0,0,0,0,12.909,213.1,17.96,203.95,0,1,4.6,14.55115793,11.05520049,0,1
8/26/2002,139.5,1,0,0,1,1,0,1,0,0,0,0,0,0,1,49.05,0,1,0,0,8,0,0,0,0,0,0,0,0,13.904,218.2,15.8,212.79,0,1,4.55,11.95303899,9.052963547,1,0
8/27/2002,149.2,1,0,0,2,1,0,0,0,0,0,1,0,1,0,47.33,0,1,0,0,8,0,0,0,0,0,0,0,0,15.382,218.8,19.52,208.82,1,0,4,16.97590644,11.4483074,1,0
8/28/2002,147.7,1,0,0,3,1,0,0,0,0,0,0,1,1,0,56.85,0,1,0,0,8,0,0,0,0,0,0,0,0,15.382,212.8,19.9,213.83,1,0,1.68,20.19788549,15.48748916,1,0
8/29/2002,152.7,1,0,0,4,1,0,0,0,0,1,0,0,1,0,46.97,0,1,0,0,8,0,0,0,0,0,0,0,0,12.5,207.6,20.27,208.98,1,0,4,17.86745467,12.26853177,1,0
8/30/2002,145.6,1,0,1,5,1,0,0,0,0,0,0,0,0,1,44.16,0,1,0,0,8,0,0,0,0,0,0,0,0,12.5,213.8,20.9,200.55,1,0,6.48,17.00707178,10.82137723,1,0
8/31/2002,150.1,1,0,0,6,0,0,0,1,0,0,0,0,0,1,0,0,1,0,0,8,0,0,0,0,0,0,0,0,14.149,190.4,16.63,183.23,0,1,4.88,12.65391677,10.49129094,0,1
9/1/2002,155,1,0,0,7,0,0,0,0,1,0,0,0,0,1,0,0,0,0,0,9,0,0,0,0,0,0,0,1,15.041,191.2,17.8,186.24,0,1,3.25,15.76308135,7.348743424,0,1
9/2/2002,153.4,1,0,0,1,0,0,1,0,0,0,0,0,1,0,0,0,0,0,0,9,0,0,0,0,0,0,0,1,15.593,188.1,19.8,185.9,1,0,5.15,16.3974512,6.008280517,1,0
9/3/2002,152.9,1,0,0,2,0,0,0,0,0,0,1,0,1,0,0,0,0,0,0,9,0,0,0,0,0,0,0,1,16.878,190.3,20.36,181.69,1,0,4.93,17.25435682,8.995368347,1,0
9/4/2002,151.7,1,0,0,3,0,0,0,0,0,0,0,1,1,0,0,0,0,0,0,9,0,0,0,0,0,0,0,1,16.878,184.1,19.57,181.4,1,0,2.63,18.48664909,13.14815665,1,0
9/5/2002,154.2,1,0,0,4,0,0,0,0,0,1,0,0,1,0,0,0,0,0,0,9,0,0,0,0,0,0,0,1,9.791,199.4,19.61,184.77,1,0,5.75,15.74835952,8.868317692,1,0
9/6/2002,159.2,1,0,1,5,0,0,0,0,0,0,0,0,0,1,0,0,0,0,0,9,0,0,0,0,0,0,0,1,10.9,196.4,18.13,191.08,1,0,6.4,13.39738458,9.8644317,1,0
9/7/2002,148.5,1,0,0,6,0,0,0,1,0,0,0,0,0,1,0,0,0,0,0,9,0,0,0,0,0,0,0,1,10.957,181.3,17.36,178.98,0,1,5.85,12.77430148,8.364478471,0,1
9/8/2002,152.7,1,0,0,7,0,0,0,0,1,0,0,0,0,1,0,0,0,0,0,9,0,0,0,0,0,0,0,1,12.185,195.3,16.98,183.06,0,1,2.68,15.6134577,9.514058964,0,1
9/9/2002,178.5,1,0,0,1,0,0,1,0,0,0,0,0,1,0,0,0,0,0,0,9,0,0,0,0,0,0,0,1,13.632,215.3,15.04,209.32,1,0,5.75,9.860383649,5.028893598,1,0
9/10/2002,165,1,0,0,2,1,0,0,0,0,0,1,0,1,0,31.73,0,0,0,0,9,0,0,0,0,0,0,0,1,13.847,236.6,18.24,221.32,1,0,3.63,15.83584589,8.800403318,1,0
9/11/2002,159.7,1,0,0,3,1,0,0,0,0,0,0,1,1,0,46.99,0,0,0,0,9,0,0,0,0,0,0,0,1,13.847,244.1,20.6,235.83,1,0,3.73,18.49106694,8.358215311,1,0
9/12/2002,154.5,1,0,0,4,1,0,0,0,0,1,0,0,1,0,47.73,0,0,0,0,9,0,0,0,0,0,0,0,1,13.847,245,21.11,230.55,1,0,6,17.53986579,11.51964532,1,0
9/13/2002,150.4,1,0,1,5,1,0,0,0,0,0,0,0,0,1,53.34,0,0,0,0,9,0,0,0,0,0,0,0,1,13.667,238,21.92,233.58,1,0,6.48,18.35523598,8.865217411,1,0
9/14/2002,149.2,1,0,0,6,1,0,0,1,0,0,0,0,0,1,52.26,0,0,0,0,9,0,0,0,0,0,0,0,1,15.77,238.3,17.72,231.94,0,1,4.43,14.41398145,10.3513308,0,1
9/15/2002,158.5,1,0,0,7,1,0,0,0,1,0,0,0,0,1,52.01,0,0,0,0,9,0,0,0,0,0,0,0,1,16.639,245.7,16.33,235.51,0,1,4.7,12.45340662,9.544590758,0,1
9/16/2002,171.8,1,0,0,1,1,0,1,0,0,0,0,0,1,0,53.23,0,0,0,0,9,0,0,0,0,0,0,0,1,15.781,253.5,16.49,241.66,1,0,3.48,13.98398662,9.653265214,1,0
9/17/2002,174.8,1,0,0,2,1,0,0,0,0,0,1,0,1,0,47.8,0,0,0,0,9,0,0,0,0,0,0,0,1,15.754,253.5,16.98,245.5,1,0,3.9,14.06521282,9.952038079,1,0
9/18/2002,179.5,1,0,0,3,1,0,0,0,0,0,0,1,1,0,48,0,0,0,0,9,0,0,0,0,0,0,0,1,15.754,261.4,16.49,254.12,1,0,3.7,13.71740503,10.86764539,1,0
9/19/2002,177.5,1,0,0,4,1,0,0,0,0,1,0,0,1,0,48.4,0,0,0,0,9,0,0,0,0,0,0,0,1,15.754,263.8,16.92,254.2,1,0,3.53,14.41910647,9.762327808,1,0
9/20/2002,169.2,1,0,1,5,1,0,0,0,0,0,0,0,0,1,51.3,0,0,0,0,9,0,0,0,0,0,0,0,1,14.643,256.7,17.14,246.36,1,0,2.33,16.32485823,12.52931839,1,0
9/21/2002,157.1,1,0,0,6,1,0,0,1,0,0,0,0,0,1,53.9,0,0,0,0,9,0,0,0,0,0,0,0,1,15.893,252.2,17.64,244.74,0,1,3.4,15.40186145,10.57841332,0,1
9/22/2002,168.4,1,0,0,7,1,0,0,0,1,0,0,0,0,1,53.9,0,0,0,0,9,0,0,0,0,0,0,0,1,15.893,262.6,15.41,253.47,0,1,5.45,10.59946329,5.492803129,0,1
9/23/2002,186.6,1,0,0,1,1,0,1,0,0,0,0,0,1,0,51,0,0,0,0,9,0,0,0,0,0,0,0,1,16.322,270.8,16.92,261.96,1,0,5.4,12.56361144,3.654464439,1,0
9/24/2002,193.7,1,0,0,2,1,0,0,0,0,0,1,0,1,0,44.9,0,0,0,0,9,0,0,0,0,0,0,0,1,15.498,274.1,15.76,263.06,1,0,4.78,11.6708907,4.470460526,1,0
9/25/2002,192.8,1,0,0,3,1,0,0,0,0,0,0,1,1,0,48,0,0,0,0,9,0,0,0,0,0,0,0,1,15.498,271.6,16.41,260.82,1,0,3.98,13.30127365,4.740223796,1,0
9/26/2002,183.9,1,0,0,4,1,0,0,0,0,1,0,0,1,0,50.6,0,0,0,0,9,0,0,0,0,0,0,0,1,13.9,264.9,16.28,259.09,1,0,4.9,12.20005248,5.96753232,1,0
9/27/2002,174.8,1,0,1,5,1,0,0,0,0,0,0,0,0,1,49.3,0,0,0,0,9,0,0,0,0,0,0,0,1,15.501,260.5,16.02,252.32,1,0,2.75,14.46318777,9.998195891,1,0
9/28/2002,164.4,1,0,0,6,1,0,0,1,0,0,0,0,0,1,52.4,0,0,0,0,9,0,0,0,0,0,0,0,1,16.317,254.7,16.28,244.59,0,1,2.48,15.17053294,12.34469037,0,1
9/29/2002,166.2,1,0,0,7,1,0,0,0,1,0,0,0,0,1,52.7,0,0,0,0,9,0,0,0,0,0,0,0,1,17.323,262.1,17.97,251.07,0,1,5.23,14.03153074,5.97971212,0,1
9/30/2002,177.8,1,0,0,1,1,0,1,0,0,0,0,0,1,0,49.2,0,0,0,0,9,0,0,0,0,0,0,0,1,16.972,267.1,19.48,256.29,1,0,4.3,16.66432578,7.566128524,1,0
10/1/2002,179.3,1,0,0,2,1,0,0,0,0,0,1,0,1,0,45,0,0,0,0,10,0,0,0,0,0,0,1,0,17.373,263,19.59,251.66,1,0,3.2,17.84654188,10.29806312,1,0
10/2/2002,180.3,1,0,0,3,1,0,0,0,0,0,0,1,1,0,41.7,0,0,0,0,10,0,0,0,0,0,0,1,0,17.373,252.4,16.87,240.13,1,0,3.93,13.90212657,10.35013523,1,0
10/3/2002,181.5,1,0,0,4,1,0,0,0,0,1,0,0,1,0,51,0,0,0,0,10,0,0,0,0,0,0,1,0,17.373,270.5,17.65,258.01,1,0,4.55,14.21681096,10.55806599,1,0
10/4/2002,186.3,1,0,1,5,1,0,0,0,0,0,0,0,0,1,50.6,0,0,0,0,10,0,0,0,0,0,0,1,0,16.333,275,16.41,262.32,1,0,3.15,14.32021337,7.035209181,1,0
10/5/2002,177,0,1,0,6,1,0,0,1,0,0,0,0,0,1,50.2,0,0,0,0,10,0,0,0,0,0,0,1,0,15.384,266.7,17.02,254.24,0,1,5.3,12.7736532,4.407185591,0,1
10/6/2002,184.5,0,1,0,7,1,0,0,0,1,0,0,0,0,1,49.9,0,0,0,0,10,0,0,0,0,0,0,1,0,11.909,268.3,16.22,255.81,0,1,4.35,12.67269115,9.947038886,0,1
10/7/2002,200.6,0,1,0,1,1,0,1,0,0,0,0,0,1,0,46.8,0,0,0,0,10,0,0,0,0,0,0,1,0,9.817,285.2,15.62,274.52,1,0,2.13,15.09288349,10.82732179,1,0
10/8/2002,202.9,0,1,0,2,1,0,0,0,0,0,1,0,1,0,51.1,0,0,0,0,10,0,0,0,0,0,0,1,0,10.222,279,14.4,269.86,1,0,5.58,9.191275934,4.915945914,1,0
10/9/2002,221.8,0,1,0,3,1,0,0,0,0,0,0,1,1,0,51.1,0,0,0,0,10,0,0,0,0,0,0,1,0,10.222,291,13.9,283.28,1,0,7.65,6.875493342,1.445425728,1,0
10/10/2002,221.4,0,1,0,4,1,0,0,0,0,1,0,0,1,0,38.9,0,0,0,0,10,0,0,0,0,0,0,1,0,10.2,279.2,14.64,273.99,1,0,5.98,9.144258764,3.401209948,1,0
10/11/2002,222.4,0,1,1,5,1,0,0,0,0,0,0,0,0,1,42.5,0,0,0,0,10,0,0,0,0,0,0,1,0,13.003,288.5,13,279.01,1,0,4.78,8.256253709,5.54681349,1,0
10/12/2002,212.5,0,1,0,6,1,0,0,1,0,0,0,0,0,1,48.2,0,0,0,0,10,0,0,0,0,0,0,1,0,12.093,293.4,12.79,282.13,0,1,5.33,7.387954826,2.889055253,0,1
10/13/2002,243.3,0,1,0,7,1,0,0,0,1,0,0,0,0,1,48.7,0,0,0,0,10,0,0,0,0,0,0,1,0,12.541,315.1,9.83,310.6,0,1,4.1,5.303171729,0.796609684,0,1
10/14/2002,258.2,0,1,0,1,1,0,1,0,0,0,0,0,1,0,45.3,0,0,0,0,10,0,0,0,0,0,0,1,0,15.538,325.7,10.49,318.98,1,0,4.03,6.196474649,5.196254245,1,0
10/15/2002,267.4,0,1,0,2,1,0,0,0,0,0,1,0,1,0,40.6,0,0,0,0,10,0,0,0,0,0,0,1,0,16.102,322.8,10.44,318.65,1,0,7.4,2.349738948,-1.427199249,1,0
10/16/2002,269.2,0,1,0,3,1,0,0,0,0,0,0,1,1,0,40.4,0,0,0,0,10,0,0,0,0,0,0,1,0,16.102,337.8,9.94,327.99,1,0,4.5,4.852033816,3.509329445,1,0
10/17/2002,275.5,0,1,0,4,1,0,0,0,0,1,0,0,1,0,30.6,0,0,0,0,10,0,0,0,0,0,0,1,0,14.75,306.8,9.63,317.43,1,0,2.13,8.921213306,4.14048715,1,0
10/18/2002,286.8,0,1,1,5,1,0,0,0,0,0,0,0,0,1,25.8,0,0,0,0,10,0,0,0,0,0,0,1,0,17.051,330.7,8.69,324.38,1,0,3.65,4.695033026,-1.045135101,1,0
10/19/2002,281.5,0,1,0,6,1,0,0,1,0,0,0,0,0,1,29.8,0,0,0,0,10,0,0,0,0,0,0,1,0,19.427,334.8,9.59,327.11,0,1,3.38,6.214851719,-2.297813945,0,1
10/20/2002,291.7,0,1,0,7,1,0,0,0,1,0,0,0,0,1,30.4,0,0,0,0,10,0,0,0,0,0,0,1,0,20.506,344.1,6.95,337.86,0,1,4.33,1.475636173,-2.614665161,0,1
10/21/2002,268.6,0,1,0,1,1,0,1,0,0,0,0,0,1,0,35.3,0,0,0,0,10,0,0,0,0,0,0,1,0,21.327,335.7,13.99,325.75,1,0,4.13,10.23854821,2.048735999,1,0
10/22/2002,240.8,0,1,0,2,1,0,0,0,0,0,1,0,1,0,39.3,0,0,0,0,10,0,0,0,0,0,0,1,0,23.107,314,14.54,304.24,1,0,4.5,10.46697937,8.208794744,1,0
10/23/2002,280.8,0,1,0,3,1,0,0,0,0,0,0,1,1,0,34.4,0,0,0,0,10,0,0,0,0,0,0,1,0,23.107,328.8,9.43,322.9,1,0,6.55,1.776245231,0.703218445,1,0
10/24/2002,292,0,1,0,4,1,0,0,0,0,1,0,0,1,0,26,0,0,0,0,10,0,0,0,0,0,0,1,0,23.107,344.4,9.84,333.07,1,0,4.13,5.269583201,-0.717121635,1,0
10/25/2002,255.7,0,1,1,5,1,0,0,0,0,0,0,0,0,1,32.8,0,0,0,0,10,0,0,0,0,0,0,1,0,21.614,327.4,13.68,314.7,1,0,7.4,6.751638141,1.154161389,1,0
10/26/2002,256.1,0,1,0,6,1,0,0,1,0,0,0,0,0,1,30.2,0,0,0,0,10,0,0,0,0,0,0,1,0,20.585,304.9,12.54,306.47,0,1,6.88,5.61616217,1.855234297,0,1
10/27/2002,254.4,0,1,0,7,1,0,0,0,1,0,0,0,0,1,31.1,0,0,0,0,10,0,0,0,0,0,0,1,0,20.287,312.4,11.2,301.39,0,1,13.2,0.162973093,0.916115912,0,1
10/28/2002,276.9,0,1,0,1,1,0,1,0,0,0,0,0,1,0,32.1,0,0,0,0,10,0,0,0,0,0,0,1,0,21.404,342.3,11.25,332.84,1,0,4.75,6.128828771,1.014040316,1,0
10/29/2002,270.3,0,1,0,2,1,0,0,0,0,0,1,0,1,0,34.7,0,0,0,0,10,0,0,0,0,0,0,1,0,21.359,334.4,11.22,324.59,1,0,3.8,7.408141316,3.847841417,1,0
10/30/2002,276.5,0,1,0,3,1,0,0,0,0,0,0,1,1,0,35.7,0,0,0,0,10,0,0,0,0,0,0,1,0,21.359,336.9,9.65,331.1,1,0,2.45,8.169199804,8.732811115,1,0
10/31/2002,261.2,0,1,0,4,1,0,0,0,0,1,0,0,1,0,38.3,0,0,0,0,10,0,0,0,0,0,0,1,0,21.359,331.2,11.29,321.48,1,0,2.25,10.3536318,7.151220451,1,0
11/1/2002,240.2,0,1,1,5,1,0,0,0,0,0,0,0,0,1,25,0,0,0,0,11,0,0,0,0,0,1,0,0,20.979,302,14.11,293.25,1,0,5.7,8.708141139,5.428933088,1,0
11/2/2002,226.9,0,1,0,6,1,0,0,1,0,0,0,0,0,1,24.7,0,0,0,0,11,0,0,0,0,0,1,0,0,21.437,285.3,12.71,275.85,0,1,3.15,10.15413679,9.016910475,0,1
11/3/2002,233.3,0,1,0,7,1,0,0,0,1,0,0,0,0,1,25.6,0,0,0,0,11,0,0,0,0,0,1,0,0,20.451,288.7,12.4,278.84,0,1,6.53,5.728233859,7.197731937,0,1
11/4/2002,263.6,0,1,0,1,1,0,1,0,0,0,0,0,1,0,21.9,0,0,0,0,11,0,0,0,0,0,1,0,0,20.67,318.4,12.75,307.1,1,0,4.28,8.558357397,3.356210255,1,0
11/5/2002,247.7,0,1,0,2,1,0,0,0,0,0,1,0,1,0,28.8,0,0,0,0,11,0,0,0,0,0,1,0,0,18.239,310.3,13.77,298.11,1,0,3.65,10.6098513,4.93954323,1,0
11/6/2002,260.3,0,1,0,3,1,0,0,0,0,0,0,1,1,0,27.7,0,0,0,0,11,0,0,0,0,0,1,0,0,18.239,317.9,12.05,305.33,1,0,4.18,7.847606156,9.720529039,1,0
11/7/2002,291.9,0,1,0,4,1,0,0,0,0,1,0,0,1,0,24.7,0,0,0,0,11,0,0,0,0,0,1,0,0,18.239,336.2,9.5,330.55,1,0,6.4,2.020749,-0.8794362,1,0
11/8/2002,285,0,1,1,5,1,0,0,0,0,0,0,0,0,1,23.4,0,0,0,0,11,0,0,0,0,0,1,0,0,18.634,336,9.68,329.85,1,0,5.9,2.787162352,-1.954646644,1,0
11/9/2002,259.9,0,1,0,6,1,0,0,1,0,0,0,0,0,1,22.6,0,0,0,0,11,0,0,0,0,0,1,0,0,16.88,320,8.91,309.21,0,1,1.68,9.457790946,11.03118059,0,1
11/10/2002,254,0,1,0,7,1,0,0,0,1,0,0,0,0,1,24.5,0,0,0,0,11,0,0,0,0,0,1,0,0,16.126,318.9,13.25,309.46,0,1,4.63,8.738453257,2.350602975,0,1
11/11/2002,272.9,0,1,0,1,1,0,1,0,0,0,0,0,1,0,16.2,0,0,0,0,11,0,0,0,0,0,1,0,0,18.31,318.6,11.55,308.99,1,0,6.38,4.741916219,-0.474960787,1,0
11/12/2002,280.3,0,1,0,2,1,0,0,0,0,0,1,0,1,0,22.9,0,0,0,0,11,0,0,0,0,0,1,0,0,19.582,327.5,9.47,316.29,1,0,4.85,3.794818501,3.323166611,1,0
11/13/2002,279.5,0,1,0,3,1,0,0,0,0,0,0,1,1,0,16.5,0,0,0,0,11,0,0,0,0,0,1,0,0,19.582,312.4,10.07,312.96,1,0,4.6,4.872875755,1.180654038,1,0
11/14/2002,282,0,1,0,4,1,0,0,0,0,1,0,0,1,0,22.4,0,0,0,0,11,0,0,0,0,0,1,0,0,19.582,336.7,11.05,327.17,1,0,5.88,4.582884716,2.006572214,1,0
11/15/2002,274.6,0,1,1,5,1,0,0,0,0,0,0,0,0,1,21.6,0,0,0,0,11,0,0,0,0,0,1,0,0,19.805,329.5,11,318.78,1,0,4.33,6.376736883,2.782596362,1,0
11/16/2002,271,0,1,0,6,1,0,0,1,0,0,0,0,0,1,31.2,0,0,0,0,11,0,0,0,0,0,1,0,0,18.223,334.5,8.6,323.46,0,1,1.3,10.44669226,9.041732106,0,1
11/17/2002,282.6,0,1,0,7,1,0,0,0,1,0,0,0,0,1,27.8,0,0,0,0,11,0,0,0,0,0,1,0,0,18.463,335.1,8.65,325.01,0,1,2.43,7.153834111,5.880101089,0,1
11/18/2002,311.9,0,1,0,1,1,0,1,0,0,0,0,0,1,0,19.5,0,0,0,0,11,0,0,0,0,0,1,0,0,19.946,348.5,6.34,348.48,1,0,2.48,4.570957424,2.331610484,1,0
11/19/2002,317.4,0,1,0,2,1,0,0,0,0,0,1,0,1,0,15.7,0,0,0,0,11,0,0,0,0,0,1,0,0,18.597,350.8,8.84,345.47,1,0,5.45,2.232690907,-3.039521826,1,0
11/20/2002,307.4,0,1,0,3,1,0,0,0,0,0,0,1,1,0,16.2,0,0,0,0,11,0,0,0,0,0,1,0,0,18.597,335.7,8.67,333.45,1,0,5.28,2.230343256,-0.425484083,1,0
11/21/2002,290.2,0,1,0,4,1,0,0,0,0,1,0,0,1,0,21.3,0,0,0,0,11,0,0,0,0,0,1,0,0,18.597,336.1,10.56,326.11,1,0,5.98,3.842982934,1.166358373,1,0
11/22/2002,286.8,0,1,1,5,1,0,0,0,0,0,0,0,0,1,17.3,0,0,0,0,11,0,0,0,0,0,1,0,0,19.381,320.9,9.57,309.59,1,0,4.75,4.053262441,2.014759796,1,0
11/23/2002,283.5,0,1,0,6,1,0,0,1,0,0,0,0,0,1,27,0,0,0,0,11,0,0,0,0,0,1,0,0,19.742,329.7,9.74,326.63,0,1,4.6,4.468080683,2.247841046,0,1
11/24/2002,291.6,0,1,0,7,1,0,0,0,1,0,0,0,0,1,27.6,0,0,0,0,11,0,0,0,0,0,1,0,0,19.427,332.7,8.87,324.43,0,1,3.68,4.852377259,2.356069233,0,1
11/25/2002,317.7,0,1,0,1,1,0,1,0,0,0,0,0,1,0,15.7,0,0,0,0,11,0,0,0,0,0,1,0,0,18.737,335.1,6.53,348,1,0,1.98,6.170332797,4.933755766,1,0
11/26/2002,303.6,0,1,0,2,1,0,0,0,0,0,1,0,1,0,16.1,0,0,0,0,11,0,0,0,0,0,1,0,0,18.4,345,10.53,334.42,1,0,4.4,5.709935969,-0.520505886,1,0
11/27/2002,300,0,1,0,3,1,0,0,0,0,0,0,1,1,0,23.5,0,0,0,0,11,0,0,0,0,0,1,0,0,18.4,351.9,10.03,339.74,1,0,7.98,1.315967482,-0.118572954,1,0
11/28/2002,289.7,0,1,0,4,1,0,0,0,0,1,0,0,1,0,23.7,0,0,0,0,11,0,0,0,0,0,1,0,0,18.4,337,10.87,325.24,1,0,4.48,6.014145964,4.867887365,1,0
11/29/2002,290.6,0,1,1,5,1,0,0,0,0,0,0,0,0,1,24.3,0,0,0,0,11,0,0,0,0,0,1,0,0,17.439,343.1,8.19,331.08,1,0,2.1,7.518921861,5.22860327,1,0
11/30/2002,277.3,0,1,0,6,1,0,0,1,0,0,0,0,0,1,23.9,0,0,0,0,11,0,0,0,0,0,1,0,0,19.195,335,8.05,325.34,0,1,2.88,5.474624322,4.183855202,0,1
12/1/2002,270.6,0,1,0,7,1,0,0,0,1,0,0,0,0,1,23.6,0,0,1,0,12,0,0,0,0,0,0,0,0,19.333,325.3,10.87,316.07,0,1,6.15,4.072732366,0.033633542,0,1
12/2/2002,308.2,0,1,0,1,1,0,1,0,0,0,0,0,1,0,20.2,0,0,1,0,12,0,0,0,0,0,0,0,0,18.664,347.9,9.36,339.94,1,0,7.23,1.034449963,0.277228812,1,0
12/3/2002,304.7,0,1,0,2,1,0,0,0,0,0,1,0,1,0,25.6,0,0,1,0,12,0,0,0,0,0,0,0,0,17.862,356.3,8.3,350.39,1,0,2.4,6.855993762,5.913962768,1,0
12/4/2002,313.6,0,1,0,3,1,0,0,0,0,0,0,1,1,0,24.1,0,0,1,0,12,0,0,0,0,0,0,0,0,16.54,343.3,8.77,342.5,1,0,3.28,5.465456783,2.9085966,1,0
