uk gas demand.csv
DATE,cons,demanddown,demandup,dfri,dindex,dintexport,dintimport,dmon,dsat,dsun,dthu,dtue,dwed,dweek,dweekend,intcon,mapr,maug,mdec,mfeb,mindex,mjan,mjul,mjun,mmar,mmay,mnov,moct,msep,price,supply,tempday,teodemand,week,weekend,wind,windc,windcn,wk,wknd
12/5/2002,340.5,0,1,0,4,1,0,0,0,0,1,0,0,1,0,13.8,0,0,1,0,12,0,0,0,0,0,0,0,0,16.732,359.8,7.57,361.12,1,0,4.18,2.468955826,-0.68860006,1,0
12/6/2002,327.6,0,1,1,5,1,0,0,0,0,0,0,0,0,1,14.3,0,0,1,0,12,0,0,0,0,0,0,0,0,19.284,361.9,7.69,357.29,1,0,4.43,2.213865871,-0.097222823,1,0
12/7/2002,322.3,0,1,0,6,1,0,0,1,0,0,0,0,0,1,18.8,0,0,1,0,12,0,0,0,0,0,0,0,0,18.706,356.5,5.54,354.97,0,1,5.4,-1.899454591,-1.912163788,0,1
12/8/2002,349.5,0,1,0,7,1,0,0,0,1,0,0,0,0,1,15.3,0,0,1,0,12,0,0,0,0,0,0,0,0,20.931,362.7,3.61,381.97,0,1,5.18,-4.013115709,-3.257488985,0,1
12/9/2002,382,0,1,0,1,1,0,1,0,0,0,0,0,1,0,6.2,0,0,1,0,12,0,0,0,0,0,0,0,0,22.188,371.9,4.73,398.98,1,0,6.83,-4.77946345,-6.677123092,1,0
12/10/2002,408.7,0,1,0,2,1,0,0,0,0,0,1,0,1,0,4.3,0,0,1,0,12,0,0,0,0,0,0,0,0,22.23,366.4,2.17,422.86,1,0,8.8,-10.34329634,-10.65259005,1,0
12/11/2002,408.1,0,1,0,3,1,0,0,0,0,0,0,1,1,0,1.5,0,0,1,0,12,0,0,0,0,0,0,0,0,22.23,371,2.79,422.6,1,0,7.55,-8.210980029,-8.756640142,1,0
12/12/2002,393.7,0,1,0,4,0,1,0,0,0,1,0,0,1,0,-13.8,0,0,1,0,12,0,0,0,0,0,0,0,0,22.23,367.1,2.78,412.08,1,0,4.03,-2.984119774,-3.448507819,1,0
12/13/2002,363.5,0,1,1,5,0,1,0,0,0,0,0,0,0,1,-8.2,0,0,1,0,12,0,0,0,0,0,0,0,0,27.613,353.9,5.1,376.9,1,0,2.7,2.668835062,1.03812727,1,0
12/14/2002,336.6,0,1,0,6,0,1,0,1,0,0,0,0,0,1,-0.4,0,0,1,0,12,0,0,0,0,0,0,0,0,28.096,349.8,5.99,347.92,0,1,4.3,0.364899355,0.002421377,0,1
12/15/2002,344.8,0,1,0,7,0,1,0,0,1,0,0,0,0,1,-0.6,0,0,1,0,12,0,0,0,0,0,0,0,0,31.026,350.2,6.09,355.75,0,1,5.63,-1.51267764,-2.128288389,0,1
12/16/2002,360.3,0,1,0,1,0,1,1,0,0,0,0,0,1,0,-3.6,0,0,1,0,12,0,0,0,0,0,0,0,0,28.856,342.2,5.38,374.2,1,0,2.98,2.291271012,1.90213071,1,0
12/17/2002,376.9,0,1,0,2,0,1,0,0,0,0,1,0,1,0,-4,0,0,1,0,12,0,0,0,0,0,0,0,0,23.259,355.9,4.75,388.91,1,0,4.15,-0.861727011,-1.32919864,1,0
12/18/2002,392.1,0,1,0,3,1,0,0,0,0,0,0,1,1,0,5,0,0,1,0,12,0,0,0,0,0,0,0,0,23.259,363.8,4.57,408.82,1,0,3.88,-0.563678252,-5.156105562,1,0
12/19/2002,391.5,0,1,0,4,1,0,0,0,0,1,0,0,1,0,1.2,0,0,1,0,12,0,0,0,0,0,0,0,0,23.259,369.4,4.62,407.34,1,0,4.45,-1.555223778,-5.682856216,1,0
12/20/2002,359.8,0,1,1,5,1,0,0,0,0,0,0,0,0,1,2.7,0,0,1,0,12,0,0,0,0,0,0,0,0,23.703,347.5,3.67,376.6,1,0,1.63,4.526896632,2.38146334,1,0
12/21/2002,321,0,1,0,6,1,0,0,1,0,0,0,0,0,1,19.7,0,0,1,0,12,0,0,0,0,0,0,0,0,24.076,354.5,5.48,354.11,0,1,2.73,3.006669177,1.840504062,0,1
12/22/2002,285.9,0,1,0,7,1,0,0,0,1,0,0,0,0,1,24.1,0,0,1,0,12,0,0,0,0,0,0,0,0,24.137,347.9,10.1,338.34,0,1,4.3,5.330847657,4.497148307,0,1
12/23/2002,271.7,0,1,0,1,1,0,1,0,0,0,0,0,1,0,23.5,0,0,1,0,12,0,0,0,0,0,0,0,0,24.765,343,10.99,333.27,1,0,5.88,4.505206952,1.954787038,1,0
12/24/2002,253.7,0,1,0,2,1,0,0,0,0,0,1,0,1,0,13.9,0,0,1,0,12,0,0,0,0,0,0,0,0,23.576,308.2,12.64,297.2,1,0,7,5.652172086,3.328412642,1,0
12/25/2002,242.1,0,1,0,3,1,0,0,0,0,0,0,1,0,1,16.4,0,0,1,0,12,0,0,0,0,0,0,0,0,23.576,306,9.78,294.84,0,1,3.4,6.39656399,6.476763841,1,0
12/26/2002,249.9,0,1,0,4,1,0,0,0,0,1,0,0,0,1,15.9,0,0,1,0,12,0,0,0,0,0,0,0,0,23.576,306.9,10.62,295.3,0,1,4.75,5.350491397,3.756752966,1,0
12/27/2002,260,0,1,1,5,1,0,0,0,0,0,0,0,0,1,14.1,0,0,1,0,12,0,0,0,0,0,0,0,0,19.047,313.7,10.43,302.6,1,0,4.75,5.115754729,4.275644548,1,0
12/28/2002,272.2,0,1,0,6,1,0,0,1,0,0,0,0,0,1,16.6,0,0,1,0,12,0,0,0,0,0,0,0,0,13.847,332.1,9.56,320.69,0,1,4.75,4.04090788,1.421740845,0,1
12/29/2002,274.7,0,1,0,7,1,0,0,0,1,0,0,0,0,1,15.2,0,0,1,0,12,0,0,0,0,0,0,0,0,13.847,332.6,9.55,320.67,0,1,3.73,5.561735472,1.220756308,0,1
12/30/2002,293.6,0,1,0,1,1,0,1,0,0,0,0,0,1,0,14.1,0,0,1,0,12,0,0,0,0,0,0,0,0,13.847,346.3,7.89,335.78,1,0,3.43,4.173627439,6.699235548,1,0
12/31/2002,316.8,0,1,0,2,1,0,0,0,0,0,1,0,1,0,10.8,0,0,1,0,12,0,0,0,0,0,0,0,0,12.95,315,4.53,358.8,1,0,3.55,0.05985356,0.592079319,1,0
1/1/2003,288.6,0,1,0,3,1,0,0,0,0,0,0,1,0,1,0,0,0,0,0,1,1,0,0,0,0,0,0,0,12.95,297.8,9.31,313.89,0,1,4.77,3.704677353,-2.713335503,1,0
1/2/2003,317.7,0,1,0,4,1,0,0,0,0,1,0,0,1,0,0.9,0,0,0,0,1,1,0,0,0,0,0,0,0,12.95,312.8,7.74,326.42,1,0,4.43,2.274683995,3.697828085,1,0
1/3/2003,356.1,0,1,1,5,1,0,0,0,0,0,0,0,0,1,2.2,0,0,0,0,1,1,0,0,0,0,0,0,0,11.315,343.7,4.47,364.03,1,0,4.45,-1.737862381,0.636439464,1,0
1/4/2003,371.1,0,1,0,6,1,0,0,1,0,0,0,0,0,1,0,0,0,0,0,1,1,0,0,0,0,0,0,0,13.686,359.1,2.61,392.89,0,1,3.48,-2.002825364,-4.870776505,0,1
1/5/2003,383,0,1,0,7,1,0,0,0,1,0,0,0,0,1,0,0,0,0,0,1,1,0,0,0,0,0,0,0,13.686,359.7,1.53,393.77,0,1,1.23,4.252547678,1.831805744,0,1
1/6/2003,410.9,0,1,0,1,0,1,1,0,0,0,0,0,1,0,-13.6,0,0,0,0,1,1,0,0,0,0,0,0,0,16.012,353.4,2.76,419.01,1,0,3.18,-1.122806716,-5.162477617,1,0
1/7/2003,437.9,0,1,0,2,0,1,0,0,0,0,1,0,1,0,-11.6,0,0,0,0,1,1,0,0,0,0,0,0,0,21.312,366.2,0.69,446.87,1,0,5.5,-8.228234721,-10.84407753,1,0
1/8/2003,434.7,0,1,0,3,0,1,0,0,0,0,0,1,1,0,-13.7,0,0,0,0,1,1,0,0,0,0,0,0,0,21.312,369.9,0.9,453.66,1,0,3.75,-4.604981114,-8.716927647,1,0
1/9/2003,413.4,0,1,0,4,0,1,0,0,0,1,0,0,1,0,-12.8,0,0,0,0,1,1,0,0,0,0,0,0,0,21.312,360.5,2.72,438.7,1,0,5.68,-5.909340004,-8.813405671,1,0
1/10/2003,403.8,0,1,1,5,0,1,0,0,0,0,0,0,0,1,-9.2,0,0,0,0,1,1,0,0,0,0,0,0,0,27.947,353.9,3.95,410.3,1,0,5,-3.300654542,-5.774847175,1,0
1/11/2003,395.2,0,1,0,6,0,1,0,1,0,0,0,0,0,1,-0.8,0,0,0,0,1,1,0,0,0,0,0,0,0,28.283,356.7,2.16,404.64,0,1,2.13,1.224656326,0.750705026,0,1
1/12/2003,392,0,1,0,7,0,1,0,0,1,0,0,0,0,1,0,0,0,0,0,1,1,0,0,0,0,0,0,0,33.248,361.2,1.92,405.86,0,1,4,-3.945758751,-9.497132411,0,1
1/13/2003,355.2,0,1,0,1,0,1,1,0,0,0,0,0,1,0,0,0,0,0,0,1,1,0,0,0,0,0,0,0,39.081,355.1,10.08,369.22,1,0,6.18,3.008968313,-2.683046863,1,0
1/14/2003,343.5,0,1,0,2,0,1,0,0,0,0,1,0,1,0,0,0,0,0,0,1,1,0,0,0,0,0,0,0,27.38,346.9,9.52,356.38,1,0,7.5,1.012783995,0.290755695,1,0
1/15/2003,347.4,0,1,0,3,0,1,0,0,0,0,0,1,1,0,0,0,0,0,0,1,1,0,0,0,0,0,0,0,27.38,347.3,9.14,364.89,1,0,6.5,1.443034692,0.821418024,1,0
1/16/2003,338.3,0,1,0,4,1,0,0,0,0,1,0,0,1,0,20.2,0,0,0,0,1,1,0,0,0,0,0,0,0,27.38,346.5,7.73,373.56,1,0,4.38,2.340648471,-0.413476103,1,0
1/17/2003,342.4,0,1,1,5,1,0,0,0,0,0,0,0,0,1,12.6,0,0,0,0,1,1,0,0,0,0,0,0,0,19.705,347.6,6.8,366.13,1,0,6.7,-1.873034363,0.549443597,1,0
1/18/2003,323.9,0,1,0,6,1,0,0,1,0,0,0,0,0,1,6.7,0,0,0,0,1,1,0,0,0,0,0,0,0,17.323,348.8,7.92,343.74,0,1,5.15,1.455157287,-3.990981826,0,1
1/19/2003,317.3,0,1,0,7,1,0,0,0,1,0,0,0,0,1,7.3,0,0,0,0,1,1,0,0,0,0,0,0,0,18.205,338.7,7.51,338.86,0,1,4.05,2.614135316,1.398223901,0,1
1/20/2003,339.3,0,1,0,1,1,0,1,0,0,0,0,0,1,0,9.9,0,0,0,0,1,1,0,0,0,0,0,0,0,19.3,336.2,9.55,364.5,1,0,9.68,-0.55961615,-6.79927186,1,0
1/21/2003,338.9,0,1,0,2,1,0,0,0,0,0,1,0,1,0,17.6,0,0,0,0,1,1,0,0,0,0,0,0,0,18.97,353.8,8.06,368.97,1,0,6.68,-0.175172978,-1.425560412,1,0
1/22/2003,348.7,0,1,0,3,1,0,0,0,0,0,0,1,1,0,14.2,0,0,0,0,1,1,0,0,0,0,0,0,0,18.97,357.8,7.96,369.02,1,0,6.05,0.38343529,-2.820907728,1,0
1/23/2003,355.8,0,1,0,4,1,0,0,0,0,1,0,0,1,0,10.9,0,0,0,0,1,1,0,0,0,0,0,0,0,18.97,358.5,6.56,379.62,1,0,4.2,1.222224215,0.248699314,1,0
1/24/2003,344.7,0,1,1,5,1,0,0,0,0,0,0,0,0,1,12.1,0,0,0,0,1,1,0,0,0,0,0,0,0,19.354,351.7,8.57,365.11,1,0,3.93,4.074950527,-3.478951055,1,0
1/25/2003,312.1,0,1,0,6,1,0,0,1,0,0,0,0,0,1,14.6,0,0,0,0,1,1,0,0,0,0,0,0,0,19.616,341.7,11.14,339.03,0,1,5.78,4.803931845,1.824383929,0,1
1/26/2003,298.8,0,1,0,7,1,0,0,0,1,0,0,0,0,1,14.8,0,0,0,0,1,1,0,0,0,0,0,0,0,18.961,331.4,11.01,336.89,0,1,5.03,5.485114719,-0.858699213,0,1
1/27/2003,313,0,1,0,1,1,0,1,0,0,0,0,0,1,0,17.8,0,0,0,0,1,1,0,0,0,0,0,0,0,17.094,310.8,11.02,340.69,1,0,4.95,5.594964808,3.038990189,1,0
1/28/2003,363.6,0,1,0,2,1,0,0,0,0,0,1,0,1,0,11.4,0,0,0,0,1,1,0,0,0,0,0,0,0,15.31,348.3,7.39,387.26,1,0,9.75,-3.698903974,-3.856533003,1,0
1/29/2003,381.4,0,1,0,3,1,0,0,0,0,0,0,1,1,0,1.3,0,0,0,0,1,1,0,0,0,0,0,0,0,15.31,352.1,5.88,399.08,1,0,10.43,-6.332558215,-7.086722311,1,0
1/30/2003,419.9,0,1,0,4,1,0,0,0,0,1,0,0,1,0,0,0,0,0,0,1,1,0,0,0,0,0,0,0,15.31,369.5,1.59,434.51,1,0,9.73,-11.99346205,-11.37750571,1,0
1/31/2003,409.6,0,1,1,5,1,0,0,0,0,0,0,0,0,1,0,0,0,0,0,1,1,0,0,0,0,0,0,0,16.07,366.1,1.34,427.33,1,0,4.58,-5.798022326,-8.297958067,1,0
2/1/2003,343.6,0,1,0,6,1,0,0,1,0,0,0,0,0,1,5.6,0,0,0,1,2,0,0,0,0,0,0,0,0,19.606,329.6,6.19,372.39,0,1,4.4,0.438957869,-5.317824664,0,1
2/2/2003,349.5,0,1,0,7,1,0,0,0,1,0,0,0,0,1,8.9,0,0,0,1,2,0,0,0,0,0,0,0,0,23.45,345.2,6.87,363.63,0,1,7.5,-2.597357504,-7.937642289,0,1
2/3/2003,389.1,0,1,0,1,1,0,1,0,0,0,0,0,1,0,9.3,0,0,0,1,2,0,0,0,0,0,0,0,0,28.165,354.1,4.77,412.7,1,0,6.83,-4.726008248,-5.70156567,1,0
2/4/2003,393.5,0,1,0,2,1,0,0,0,0,0,1,0,1,0,2.9,0,0,0,1,2,0,0,0,0,0,0,0,0,32.959,368.5,4.37,417.95,1,0,8.3,-6.798150556,-12.63651005,1,0
2/5/2003,390,0,1,0,3,1,0,0,0,0,0,0,1,1,0,0,0,0,0,1,2,0,0,0,0,0,0,0,0,28,362.4,3.41,409.6,1,0,3.98,-2.134738566,-5.198193297,1,0
2/6/2003,380.7,0,1,0,4,1,0,0,0,0,1,0,0,1,0,3,0,0,0,1,2,0,0,0,0,0,0,0,0,32.959,355.3,4.43,393.44,1,0,4.18,-1.300901771,-9.140764864,1,0
2/7/2003,334.3,0,1,1,5,1,0,0,0,0,0,0,0,0,1,17.5,0,0,0,1,2,0,0,0,0,0,0,0,0,25.54,350.8,8.97,365.56,1,0,4.13,4.227896559,1.042969587,1,0
2/8/2003,306.7,0,1,0,6,1,0,0,1,0,0,0,0,0,1,23.4,0,0,0,1,2,0,0,0,0,0,0,0,0,28.116,339.5,9.94,342.54,0,1,6.4,2.60078604,0.84749226,0,1
2/9/2003,328.6,0,1,0,7,1,0,0,0,1,0,0,0,0,1,23.4,0,0,0,1,2,0,0,0,0,0,0,0,0,37.258,350.2,7.57,362.07,0,1,5.13,1.042338801,1.53244843,0,1
2/10/2003,355.9,0,1,0,1,1,0,1,0,0,0,0,0,1,0,19.4,0,0,0,1,2,0,0,0,0,0,0,0,0,27.161,356.5,6.36,389.7,1,0,4.88,-0.11054717,-4.050503421,1,0
2/11/2003,346.4,0,1,0,2,1,0,0,0,0,0,1,0,1,0,28,0,0,0,1,2,0,0,0,0,0,0,0,0,17.145,359.9,6.77,383.42,1,0,2.33,5.421880914,4.40202672,1,0
2/12/2003,351.6,0,1,0,3,1,0,0,0,0,0,0,1,1,0,28.5,0,0,0,1,2,0,0,0,0,0,0,0,0,17.145,364.9,5.59,398.99,1,0,3.08,2.294806747,1.073768417,1,0
2/13/2003,387.8,0,1,0,4,1,0,0,0,0,1,0,0,1,0,8.3,0,0,0,1,2,0,0,0,0,0,0,0,0,17.145,353.7,1.84,407.09,1,0,4.23,-4.510698019,-1.69378424,1,0
2/14/2003,385.9,0,1,1,5,1,0,0,0,0,0,0,0,0,1,7.9,0,0,0,1,2,0,0,0,0,0,0,0,0,17.458,357.1,2.85,405.56,1,0,4.08,-3.000813565,-6.28446986,1,0
2/15/2003,368,0,1,0,6,1,0,0,1,0,0,0,0,0,1,9.6,0,0,0,1,2,0,0,0,0,0,0,0,0,18.492,362.3,4.85,391.93,0,1,4.05,-0.556770924,-7.172759507,0,1
2/16/2003,384.4,0,1,0,7,1,0,0,0,1,0,0,0,0,1,7,0,0,0,1,2,0,0,0,0,0,0,0,0,19.744,369.4,1.7,401.03,0,1,4.5,-5.206042565,-5.083978532,0,1
2/17/2003,406.4,0,1,0,1,1,0,1,0,0,0,0,0,1,0,2.5,0,0,0,1,2,0,0,0,0,0,0,0,0,23.606,379.6,2.24,429.06,1,0,4.38,-4.320207876,-8.348266724,1,0
2/18/2003,408.2,0,1,0,2,1,0,0,0,0,0,1,0,1,0,0,0,0,0,1,2,0,0,0,0,0,0,0,0,26.066,378.2,3.53,422.27,1,0,5.5,-4.604335414,-11.31620526,1,0
2/19/2003,400.8,0,1,0,3,1,0,0,0,0,0,0,1,1,0,2.3,0,0,0,1,2,0,0,0,0,0,0,0,0,26.066,370.2,3.07,419.06,1,0,7.28,-7.527882938,-13.64836509,1,0
2/20/2003,381.4,0,1,0,4,1,0,0,0,0,1,0,0,1,0,10.9,0,0,0,1,2,0,0,0,0,0,0,0,0,26.066,360.5,5.8,408.2,1,0,4.25,0.221625162,-6.032777979,1,0
2/21/2003,347.7,0,1,1,5,1,0,0,0,0,0,0,0,0,1,17.6,0,0,0,1,2,0,0,0,0,0,0,0,0,26.939,355.4,7.85,378.08,1,0,2.28,6.68669586,1.727448877,1,0
2/22/2003,346.2,0,1,0,6,1,0,0,1,0,0,0,0,0,1,25.4,0,0,0,1,2,0,0,0,0,0,0,0,0,33.287,353.3,6.33,380.1,0,1,4.48,0.477960816,-3.81441181,0,1
2/23/2003,323,0,1,0,7,1,0,0,0,1,0,0,0,0,1,25.1,0,0,0,1,2,0,0,0,0,0,0,0,0,28.296,343.8,11.02,366.87,0,1,5.4,5.065185291,-4.021890468,0,1
2/24/2003,335.3,0,1,0,1,1,0,1,0,0,0,0,0,1,0,26.3,0,0,0,1,2,0,0,0,0,0,0,0,0,22.406,361.4,9.22,371.1,1,0,3.38,5.791506787,2.839534016,1,0
2/25/2003,337.4,0,1,0,2,1,0,0,0,0,0,1,0,1,0,29.7,0,0,0,1,2,0,0,0,0,0,0,0,0,22.515,352.9,9.7,378.49,1,0,5.73,3.002963775,-1.657519965,1,0
2/26/2003,324.8,0,1,0,3,1,0,0,0,0,0,0,1,1,0,27.9,0,0,0,1,2,0,0,0,0,0,0,0,0,22.515,342.9,10.8,367.6,1,0,3.68,7.103720478,1.796149676,1,0
2/27/2003,314.2,0,1,0,4,1,0,0,0,0,1,0,0,1,0,31.6,0,0,0,1,2,0,0,0,0,0,0,0,0,22.515,343,11.4,362.43,1,0,3.15,8.679120482,3.533452917,1,0
2/28/2003,315.6,0,1,1,5,1,0,0,0,0,0,0,0,0,1,36.8,0,0,0,1,2,0,0,0,0,0,0,0,0,17.85,354.4,9.03,364.54,1,0,6.35,1.453593112,0.940322412,1,0
3/1/2003,302.6,0,1,0,6,1,0,0,1,0,0,0,0,0,1,45.2,0,0,0,0,3,0,0,0,1,0,0,0,0,17.139,349.5,10.05,363.6,0,1,6.15,3.000867953,-1.312732733,0,1
3/2/2003,300.2,0,1,0,7,1,0,0,0,1,0,0,0,0,1,45.6,0,0,0,0,3,0,0,0,1,0,0,0,0,17.69,348.4,9.25,361.69,0,1,4.53,3.966671106,0.17705765,0,1
3/3/2003,332,0,1,0,1,1,0,1,0,0,0,0,0,1,0,40,0,0,0,0,3,0,0,0,1,0,0,0,0,17.735,355.7,7.87,385.62,1,0,4.63,2.129485081,-4.123237599,1,0
3/4/2003,311,0,1,0,2,1,0,0,0,0,0,1,0,1,0,46.5,0,0,0,0,3,0,0,0,1,0,0,0,0,17.217,362.5,11.26,370.43,1,0,5.73,5.011349033,-0.279973666,1,0
3/5/2003,308.8,0,1,0,3,1,0,0,0,0,0,0,1,1,0,45.8,0,0,0,0,3,0,0,0,1,0,0,0,0,17.217,347.6,9.93,369.72,1,0,4.85,4.365765526,5.098067144,1,0
3/6/2003,307.2,0,1,0,4,1,0,0,0,0,1,0,0,1,0,42.5,0,0,0,0,3,0,0,0,1,0,0,0,0,17.217,350.5,9.93,365.28,1,0,5.4,3.679882832,-3.144955884,1,0
3/7/2003,330.2,0,1,1,5,1,0,0,0,0,0,0,0,0,1,44.9,0,0,0,0,3,0,0,0,1,0,0,0,0,17.987,359.8,8.53,387.29,1,0,8.18,-0.918446005,-6.615414255,1,0
3/8/2003,309.4,0,1,0,6,1,0,0,1,0,0,0,0,0,1,48.7,0,0,0,0,3,0,0,0,1,0,0,0,0,18.895,366.3,9.57,373.26,0,1,7.85,0.786875282,-4.135147189,0,1
3/9/2003,282.5,0,1,0,7,1,0,0,0,1,0,0,0,0,1,50.2,0,0,0,0,3,0,0,0,1,0,0,0,0,17.824,342.6,11.44,339,0,1,9.53,2.233262561,-0.72068672,0,1
3/10/2003,303.3,0,1,0,1,1,0,1,0,0,0,0,0,1,0,47.3,0,0,0,0,3,0,0,0,1,0,0,0,0,19.318,355.5,11.34,361.82,1,0,8.43,2.799434221,-0.783920075,1,0
3/11/2003,298.9,0,1,0,2,1,0,0,0,0,0,1,0,1,0,46.9,0,0,0,0,3,0,0,0,1,0,0,0,0,18.814,352.3,10.5,358.67,1,0,6.25,3.487847535,1.271156972,1,0
3/12/2003,329.1,0,1,0,3,1,0,0,0,0,0,0,1,1,0,41.8,0,0,0,0,3,0,0,0,1,0,0,0,0,18.814,356.4,8.05,382.63,1,0,7.58,-1.062823027,-3.998096354,1,0
3/13/2003,335.1,0,1,0,4,1,0,0,0,0,1,0,0,1,0,37.2,0,0,0,0,3,0,0,0,1,0,0,0,0,18.814,353.5,6.72,394.2,1,0,5.7,-0.79513239,-3.611393423,1,0
3/14/2003,311.4,0,1,1,5,1,0,0,0,0,0,0,0,0,1,39.5,0,0,0,0,3,0,0,0,1,0,0,0,0,18.631,343.9,10.05,367.57,1,0,6.53,2.617134323,-7.642874783,1,0
3/15/2003,292.8,0,1,0,6,1,0,0,1,0,0,0,0,0,1,47.4,0,0,0,0,3,0,0,0,1,0,0,0,0,18.932,353.6,9.58,354.15,0,1,5.43,3.199002114,-5.440996847,0,1
3/16/2003,284.2,0,1,0,7,1,0,0,0,1,0,0,0,0,1,47.9,0,0,0,0,3,0,0,0,1,0,0,0,0,18.976,355.3,10.11,353.02,0,1,2.88,7.747260551,-0.405546113,0,1
3/17/2003,294.8,0,1,0,1,1,0,1,0,0,0,0,0,1,0,50.1,0,0,0,0,3,0,0,0,1,0,0,0,0,19.31,316.1,12.76,359.36,1,0,2.1,12.2125344,2.63017007,1,0
3/18/2003,309.3,0,1,0,2,1,0,0,0,0,0,1,0,1,0,52.1,0,0,0,0,3,0,0,0,1,0,0,0,0,20.231,313.3,7.97,378.43,1,0,3.03,5.065250837,0.19926976,1,0
3/19/2003,296.7,0,1,0,3,1,0,0,0,0,0,0,1,1,0,50.8,0,0,0,0,3,0,0,0,1,0,0,0,0,20.231,301.4,11.18,358.89,1,0,1.13,13.42074468,6.439690303,1,0
3/20/2003,293.5,0,1,0,4,1,0,0,0,0,1,0,0,1,0,54.1,0,0,0,0,3,0,0,0,1,0,0,0,0,20.231,304.7,10.77,358.78,1,0,1.9,10.67455037,3.373334945,1,0
3/21/2003,288.4,0,1,1,5,1,0,0,0,0,0,0,0,0,1,53.6,0,0,0,0,3,0,0,0,1,0,0,0,0,19.074,314,9.37,357.58,1,0,3.55,5.659794156,2.269747473,1,0
3/22/2003,264.7,0,1,0,6,1,0,0,1,0,0,0,0,0,1,52.1,0,0,0,0,3,0,0,0,1,0,0,0,0,18.333,294,10.65,344.16,0,1,4.4,5.855677299,-3.253155823,0,1
3/23/2003,247.9,0,1,0,7,1,0,0,0,1,0,0,0,0,1,53.1,0,0,0,0,3,0,0,0,1,0,0,0,0,18.754,296,14.79,332.33,0,1,3.45,12.06719504,-0.726990536,0,1
3/24/2003,253.4,0,1,0,1,1,0,1,0,0,0,0,0,1,0,50.9,0,0,0,0,3,0,0,0,1,0,0,0,0,17.848,290.7,13.57,336.26,1,0,5.2,8.509538456,2.270331836,1,0
3/25/2003,257,0,1,0,2,1,0,0,0,0,0,1,0,1,0,44.4,0,0,0,0,3,0,0,0,1,0,0,0,0,17.818,291.7,12.38,318.32,1,0,1.8,12.53903498,7.94474458,1,0
3/26/2003,244.4,0,1,0,3,1,0,0,0,0,0,0,1,1,0,52.8,0,0,0,0,3,0,0,0,1,0,0,0,0,17.818,293,14.13,330.72,1,0,3.5,11.23743671,3.418137347,1,0
3/27/2003,242.4,0,1,0,4,1,0,0,0,0,1,0,0,1,0,53.6,0,0,0,0,3,0,0,0,1,0,0,0,0,17.818,321.4,14.76,323.16,1,0,4.58,10.64763338,1.836585352,1,0
3/28/2003,251.4,0,1,1,5,1,0,0,0,0,0,0,0,0,1,54.6,0,0,0,0,3,0,0,0,1,0,0,0,0,17.387,317.3,12.41,332.31,1,0,3.98,8.551731427,1.712390631,1,0
3/29/2003,212.8,0,1,0,6,1,0,0,1,0,0,0,0,0,1,51.9,0,0,0,0,3,0,0,0,1,0,0,0,0,16.77,315.9,13.24,301.25,0,1,3.83,9.740282004,4.714017033,0,1
3/30/2003,219.2,0,1,0,7,1,0,0,0,1,0,0,0,0,1,53.8,0,0,0,0,3,0,0,0,1,0,0,0,0,16.764,336.2,12.92,304.93,0,1,4.1,8.996879081,4.21538089,0,1
3/31/2003,243.1,0,1,0,1,1,0,1,0,0,0,0,0,1,0,50.6,0,0,0,0,3,0,0,0,1,0,0,0,0,16.559,326.6,12.37,317.95,1,0,4.8,7.453127544,-1.623875612,1,0
4/1/2003,291.8,0,1,0,2,1,0,0,0,0,0,1,0,1,0,51.7,1,0,0,0,4,0,0,0,0,0,0,0,0,16.464,321.6,9.02,352.36,1,0,6.65,1.131878877,-2.163906794,1,0
4/2/2003,295.8,0,1,0,3,1,0,0,0,0,0,0,1,1,0,51.7,1,0,0,0,4,0,0,0,0,0,0,0,0,16.464,298.9,9.9,358.79,1,0,7.83,1.256746692,-5.270545655,1,0
4/3/2003,268.4,0,1,0,4,1,0,0,0,0,1,0,0,1,0,57.9,1,0,0,0,4,0,0,0,0,0,0,0,0,16.464,290.2,11.6,340.17,1,0,5.85,5.32545088,-2.951049791,1,0
4/4/2003,226.6,0,1,1,5,1,0,0,0,0,0,0,0,0,1,58.9,1,0,0,0,4,0,0,0,0,0,0,0,0,16.739,321.8,14.84,313.16,1,0,5,10.30740494,2.647404516,1,0
4/5/2003,201.4,0,1,0,6,1,0,0,1,0,0,0,0,0,1,58.3,1,0,0,0,4,0,0,0,0,0,0,0,0,18.125,334.8,13.24,298.48,0,1,3.73,9.879313132,3.022672188,0,1
4/6/2003,245.6,0,1,0,7,1,0,0,0,1,0,0,0,0,1,59.7,1,0,0,0,4,0,0,0,0,0,0,0,0,18.593,326.6,9.99,331.95,0,1,4.95,4.310743414,1.069019506,0,1
4/7/2003,275.9,0,1,0,1,1,0,1,0,0,0,0,0,1,0,58.4,1,0,0,0,4,0,0,0,0,0,0,0,0,18.31,332.9,8.29,347.6,1,0,4.53,2.79311339,-2.585692805,1,0
4/8/2003,279.6,0,1,0,2,1,0,0,0,0,0,1,0,1,0,56.4,1,0,0,0,4,0,0,0,0,0,0,0,0,17.767,335,8.51,347.13,1,0,3.43,4.885389724,-2.530714089,1,0
4/9/2003,290.9,0,1,0,3,1,0,0,0,0,0,0,1,1,0,48.1,1,0,0,0,4,0,0,0,0,0,0,0,0,17.767,313.8,7.82,353.53,1,0,4.73,1.920411351,-5.584112039,1,0
4/10/2003,308.4,0,1,0,4,1,0,0,0,0,1,0,0,1,0,37.9,1,0,0,0,4,0,0,0,0,0,0,0,0,17.767,316.9,6.57,370.8,1,0,4.65,0.501290435,-5.118047542,1,0
4/11/2003,271.5,0,1,1,5,1,0,0,0,0,0,0,0,0,1,45.7,1,0,0,0,4,0,0,0,0,0,0,0,0,17.798,324.7,8.86,329.64,1,0,2.78,6.581588084,0.671918476,1,0
4/12/2003,233.5,0,1,0,6,1,0,0,1,0,0,0,0,0,1,57.8,1,0,0,0,4,0,0,0,0,0,0,0,0,20.085,322.2,12.09,309.19,0,1,2.93,9.841056495,1.412574425,0,1
4/13/2003,214.2,0,1,0,7,1,0,0,0,1,0,0,0,0,1,58.2,1,0,0,0,4,0,0,0,0,0,0,0,0,21.4,318,16.17,301.74,0,1,7.13,10.30776786,-1.584417967,0,1
