uk gas demand.csv
DATE,cons,demanddown,demandup,dfri,dindex,dintexport,dintimport,dmon,dsat,dsun,dthu,dtue,dwed,dweek,dweekend,intcon,mapr,maug,mdec,mfeb,mindex,mjan,mjul,mjun,mmar,mmay,mnov,moct,msep,price,supply,tempday,teodemand,week,weekend,wind,windc,windcn,wk,wknd
9/22/2005,170,1,0,0,4,1,0,0,0,0,1,0,0,1,0,43.23,0,0,0,0,9,0,0,0,0,0,0,0,1,25.044,237.8,18.03,228.73,1,0,3.433333333,15.81058801,10.05016381,1,0
9/23/2005,177.8,1,0,1,5,1,0,0,0,0,0,0,0,0,1,45.36,0,0,0,0,9,0,0,0,0,0,0,0,1,24.444,235.6,16.33,230.18,1,0,5.3,11.9003003,7.229760896,1,0
9/24/2005,178,1,0,0,6,1,0,0,1,0,0,0,0,0,1,27.15,0,0,0,0,9,0,0,0,0,0,0,0,1,25.163,231.9,14.65,224.35,0,1,3.033333333,12.51534059,7.979318826,0,1
9/25/2005,170.3,1,0,0,7,1,0,0,0,1,0,0,0,0,1,27.41,0,0,0,0,9,0,0,0,0,0,0,0,1,25.163,221.5,17.86,213.71,0,1,5.933333333,13.36118973,7.013815561,0,1
9/26/2005,169.9,1,0,0,1,1,0,1,0,0,0,0,0,1,0,26.03,0,0,0,0,9,0,0,0,0,0,0,0,1,26.218,236.1,16.47,227.96,1,0,7.066666667,10.75318071,4.916699172,1,0
9/27/2005,193.4,1,0,0,2,1,0,0,0,0,0,1,0,1,0,12.2,0,0,0,0,9,0,0,0,0,0,0,0,1,26.735,242.9,17.4,238.4,1,0,5.666666667,12.96444876,11.08076445,1,0
9/28/2005,215,1,0,0,3,1,0,0,0,0,0,0,1,1,0,11.16,0,0,0,0,9,0,0,0,0,0,0,0,1,29.466,258.7,14.43,251.26,1,0,7.1,7.983408693,2.563371772,1,0
9/29/2005,223.5,1,0,0,4,1,0,0,0,0,1,0,0,1,0,12.04,0,0,0,0,9,0,0,0,0,0,0,0,1,28.622,256.6,14.19,250.7,1,0,4.642857143,9.878881152,6.687076862,1,0
9/30/2005,193.8,1,0,1,5,1,0,0,0,0,0,0,0,0,1,18.59,0,0,0,0,9,0,0,0,0,0,0,0,1,28.291,254.2,18.35,245.87,1,0,5.233333333,14.50851791,6.350387369,1,0
10/1/2005,190.6,1,0,0,6,1,0,0,1,0,0,0,0,0,1,10.47,0,0,0,0,10,0,0,0,0,0,0,1,0,28.835,236.4,14.79,225.95,0,1,6.466666667,8.94176034,7.519316365,0,1
10/2/2005,208,1,0,0,7,1,0,0,0,1,0,0,0,0,1,5.69,0,0,0,0,10,0,0,0,0,0,0,1,0,28.835,237.3,13.38,228.73,0,1,5.133333333,8.340186921,4.619848149,0,1
10/3/2005,226.7,1,0,0,1,1,0,1,0,0,0,0,0,1,0,3,0,0,0,0,10,0,0,0,0,0,0,1,0,31.338,240.9,13.96,244.94,1,0,2.9,11.96154065,7.202841509,1,0
10/4/2005,221.8,0,1,0,2,1,0,0,0,0,0,1,0,1,0,0.87,0,0,0,0,10,0,0,0,0,0,0,1,0,33.938,238.7,15.5,242.02,1,0,3.666666667,12.60307209,7.45916113,1,0
10/5/2005,220.3,0,1,0,3,0,1,0,0,0,0,0,1,1,0,-8.79,0,0,0,0,10,0,0,0,0,0,0,1,0,32.068,243,13.44,247.64,1,0,3.633333333,10.24926732,5.899178348,1,0
10/6/2005,214,0,1,0,4,0,1,0,0,0,1,0,0,1,0,-2.16,0,0,0,0,10,0,0,0,0,0,0,1,0,33.135,244.7,14.79,238.15,1,0,2.133333333,14.23111036,12.88090468,1,0
10/7/2005,196.6,0,1,1,5,1,0,0,0,0,0,0,0,0,1,0,0,0,0,0,10,0,0,0,0,0,0,1,0,31.203,237.4,15.55,229.11,1,0,2.966666667,13.61837948,11.77092415,1,0
10/8/2005,191,0,1,0,6,1,0,0,1,0,0,0,0,0,1,15.29,0,0,0,0,10,0,0,0,0,0,0,1,0,29.159,239.9,17.03,229.87,0,1,5.666666667,12.48924659,8.631974866,0,1
10/9/2005,209,0,1,0,7,1,0,0,0,1,0,0,0,0,1,6.97,0,0,0,0,10,0,0,0,0,0,0,1,0,29.159,241.3,13.95,233.76,0,1,3.966666667,10.39745196,4.769555925,0,1
10/10/2005,198.53,0,1,0,1,1,0,1,0,0,0,0,0,1,0,11.32,0,0,0,0,10,0,0,0,0,0,0,1,0,31.658,239.6,20.11,233.41,1,0,6.033333333,16.21968259,3.032357889,1,0
10/11/2005,194.31,0,1,0,2,1,0,0,0,0,0,1,0,1,0,19.54,0,0,0,0,10,0,0,0,0,0,0,1,0,31.651,239.4,19.88,232.47,1,0,5,16.60534982,10.06581711,1,0
10/12/2005,197.54,0,1,0,3,1,0,0,0,0,0,0,1,1,0,15.26,0,0,0,0,10,0,0,0,0,0,0,1,0,28.845,240.8,17.67,233.55,1,0,5,13.84375098,11.57365841,1,0
10/13/2005,224.87,0,1,0,4,0,1,0,0,0,1,0,0,1,0,-7.37,0,0,0,0,10,0,0,0,0,0,0,1,0,30.404,237.8,13.24,237.83,1,0,3.266666667,10.56589719,11.70122628,1,0
10/14/2005,220,0,1,1,5,1,0,0,0,0,0,0,0,0,1,9.85,0,0,0,0,10,0,0,0,0,0,0,1,0,30.697,245.4,14.07,240.69,1,0,3.4,11.31166909,7.863075536,1,0
10/15/2005,186.19,0,1,0,6,1,0,0,1,0,0,0,0,0,1,20.37,0,0,0,0,10,0,0,0,0,0,0,1,0,27.936,228,18.57,227.16,0,1,4.966666667,14.9950422,9.068254293,0,1
10/16/2005,191.29,0,1,0,7,1,0,0,0,1,0,0,0,0,1,22.42,0,0,0,0,10,0,0,0,0,0,0,1,0,27.936,240.1,16.48,233.08,0,1,5.266666667,12.11908026,6.869357508,0,1
10/17/2005,208.62,0,1,0,1,1,0,1,0,0,0,0,0,1,0,3.87,0,0,0,0,10,0,0,0,0,0,0,1,0,30.486,227.9,15.56,236.23,1,0,2.333333333,14.65772418,11.3132037,1,0
10/18/2005,232.38,0,1,0,2,1,0,0,0,0,0,1,0,1,0,4.76,0,0,0,0,10,0,0,0,0,0,0,1,0,32.892,253.8,11.98,248.71,1,0,5.133333333,6.580567232,6.1699893,1,0
10/19/2005,228.42,0,1,0,3,1,0,0,0,0,0,0,1,1,0,5.13,0,0,0,0,10,0,0,0,0,0,0,1,0,34.325,253.1,13.83,245.64,1,0,4.1,10.08466992,6.024381035,1,0
10/20/2005,224.52,0,1,0,4,0,1,0,0,0,1,0,0,1,0,-12.01,0,0,0,0,10,0,0,0,0,0,0,1,0,34.313,225.3,13.59,238.47,1,0,5.766666667,7.976551597,3.159226222,1,0
10/21/2005,224.63,0,1,1,5,0,1,0,0,0,0,0,0,0,1,-1.96,0,0,0,0,10,0,0,0,0,0,0,1,0,34.369,240.4,15.27,242.32,1,0,6.333333333,9.678920214,2.755817195,1,0
10/22/2005,207.97,0,1,0,6,0,1,0,1,0,0,0,0,0,1,-1.62,0,0,0,0,10,0,0,0,0,0,0,1,0,35.027,233.6,13.69,230.16,0,1,2.533333333,12.30903966,10.05528583,0,1
10/23/2005,215.74,0,1,0,7,1,0,0,0,1,0,0,0,0,1,4.9,0,0,0,0,10,0,0,0,0,0,0,1,0,35.027,235.4,13.26,234.18,0,1,3.466666667,10.28354682,5.212430458,0,1
10/24/2005,221.46,0,1,0,1,0,1,1,0,0,0,0,0,1,0,-4.64,0,0,0,0,10,0,0,0,0,0,0,1,0,36.048,231.8,15.99,235.42,1,0,7.533333333,9.806169572,2.893017293,1,0
10/25/2005,214.27,0,1,0,2,1,0,0,0,0,0,1,0,1,0,7.41,0,0,0,0,10,0,0,0,0,0,0,1,0,36.689,233.5,16.04,233.31,1,0,10.83333333,8.240922372,6.965985596,1,0
10/26/2005,212.68,0,1,0,3,1,0,0,0,0,0,0,1,1,0,2.61,0,0,0,0,10,0,0,0,0,0,0,1,0,36.757,232.9,16.04,229.23,1,0,4,12.83912264,8.028724616,1,0
10/27/2005,188.79,0,1,0,4,1,0,0,0,0,1,0,0,1,0,14.45,0,0,0,0,10,0,0,0,0,0,0,1,0,33.439,229.7,19.15,224.42,1,0,5.633333333,15.23478218,11.10025375,1,0
10/28/2005,188.44,0,1,1,5,1,0,0,0,0,0,0,0,0,1,13.44,0,0,0,0,10,0,0,0,0,0,0,1,0,31.205,233.8,16.23,221.63,1,0,6.366666667,10.91710041,11.68523943,1,0
10/29/2005,197.52,0,1,0,6,1,0,0,1,0,0,0,0,0,1,14.2,0,0,0,0,10,0,0,0,0,0,0,1,0,28.695,236.8,15.29,226.53,0,1,5.8,10.13974861,7.338690138,0,1
10/30/2005,185.25,0,1,0,7,1,0,0,0,1,0,0,0,0,1,16.75,0,0,0,0,10,0,0,0,0,0,0,1,0,28.695,230.2,17.44,220.21,0,1,7.733333333,11.67104692,10.24546137,0,1
10/31/2005,216.08,0,1,0,1,1,0,1,0,0,0,0,0,1,0,1.09,0,0,0,0,10,0,0,0,0,0,0,1,0,31.858,238.4,14.01,232.48,1,0,4.033333333,10.38365312,9.895359164,1,0
11/1/2005,228.09,0,1,0,2,0,1,0,0,0,0,1,0,1,0,-12.9,0,0,0,0,11,0,0,0,0,0,1,0,0,34.444,241.8,12.55,237.48,1,0,4.9,7.5598728,6.170721596,1,0
11/2/2005,220.64,0,1,0,3,0,1,0,0,0,0,0,1,1,0,-3,0,0,0,0,11,0,0,0,0,0,1,0,0,31.949,243.1,16.63,240.04,1,0,4.766666667,12.75981919,5.411368288,1,0
11/3/2005,230.61,0,1,0,4,0,1,0,0,0,1,0,0,1,0,-0.4,0,0,0,0,11,0,0,0,0,0,1,0,0,30.862,244.9,15.35,237.11,1,0,9.533333333,7.811325921,6.921754245,1,0
11/4/2005,248.69,0,1,1,5,1,0,0,0,0,0,0,0,0,1,6.5,0,0,0,0,11,0,0,0,0,0,1,0,0,35.373,252.3,12.09,269.21,1,0,7.366666667,4.617540967,2.875591868,1,0
11/5/2005,246.62,0,1,0,6,0,1,0,1,0,0,0,0,0,1,-8.2,0,0,0,0,11,0,0,0,0,0,1,0,0,35.297,263,12.42,267.21,0,1,5.233333333,7.023569875,-0.112164736,0,1
11/6/2005,234.31,0,1,0,7,1,0,0,0,1,0,0,0,0,1,7.6,0,0,0,0,11,0,0,0,0,0,1,0,0,35.297,263,13.64,258.11,0,1,6.733333333,7.204474647,6.760336818,0,1
11/7/2005,259.21,0,1,0,1,0,0,1,0,0,0,0,0,1,0,0,0,0,0,0,11,0,0,0,0,0,1,0,0,37.159,271.3,12.53,270.77,1,0,5.933333333,6.447394565,2.084655779,1,0
11/8/2005,256.27,0,1,0,2,0,1,0,0,0,0,1,0,1,0,-3.8,0,0,0,0,11,0,0,0,0,0,1,0,0,39.229,272.7,13.36,272.48,1,0,6.6875,6.868746862,5.840926442,1,0
11/9/2005,267.73,0,1,0,3,0,1,0,0,0,0,0,1,1,0,-15.2,0,0,0,0,11,0,0,0,0,0,1,0,0,49.782,274.6,10.61,288.15,1,0,4,6.384313435,3.123228124,1,0
11/10/2005,253.93,0,1,0,4,0,1,0,0,0,1,0,0,1,0,-10,0,0,0,0,11,0,0,0,0,0,1,0,0,48.619,272.7,13.61,277.82,1,0,5.8,7.971187212,-1.513041873,1,0
11/11/2005,240.66,0,1,1,5,0,1,0,0,0,0,0,0,0,1,-11.9,0,0,0,0,11,0,0,0,0,0,1,0,0,44.78,263.5,13.69,262.89,1,0,8.3,6.15744718,5.513374193,1,0
11/12/2005,246.52,0,1,0,6,0,1,0,1,0,0,0,0,0,1,-20.3,0,0,0,0,11,0,0,0,0,0,1,0,0,59.162,260.4,9.93,264.58,0,1,2.833333333,7.643154824,5.697701163,0,1
11/13/2005,269.02,0,1,0,7,0,1,0,0,1,0,0,0,0,1,-22.6,0,0,0,0,11,0,0,0,0,0,1,0,0,59.162,258.7,8.73,284.14,0,1,4.766666667,2.992108228,-3.762861503,0,1
11/14/2005,299.45,0,1,0,1,0,1,1,0,0,0,0,0,1,0,-21.4,0,0,0,0,11,0,0,0,0,0,1,0,0,71.817,285,7.78,312.45,1,0,3.5,3.914051613,-0.291608913,1,0
11/15/2005,279.83,0,1,0,2,0,1,0,0,0,0,1,0,1,0,-21.5,0,0,0,0,11,0,0,0,0,0,1,0,0,76.593,282.9,11.13,292.83,1,0,3.533333333,7.72317757,3.119336265,1,0
11/16/2005,311.03,0,1,0,3,0,1,0,0,0,0,0,1,1,0,-31.8,0,0,0,0,11,0,0,0,0,0,1,0,0,82.749,291.8,6.95,324.03,1,0,5.266666667,0.073368089,-0.84090947,1,0
11/17/2005,347.9,0,1,0,4,0,1,0,0,0,1,0,0,1,0,-35.3,0,0,0,0,11,0,0,0,0,0,1,0,0,79.986,296.3,5.58,359.5,1,0,1.375,7.348440798,3.00769555,1,0
11/18/2005,357.74,0,1,1,5,0,1,0,0,0,0,0,0,0,1,-33.1,0,0,0,0,11,0,0,0,0,0,1,0,0,71.432,301.1,4.9,370.74,1,0,1.4375,6.458744276,0.886025102,1,0
11/19/2005,339.26,0,1,0,6,0,1,0,1,0,0,0,0,0,1,-23.2,0,0,0,0,11,0,0,0,0,0,1,0,0,71.526,286.9,5.31,352.26,0,1,1,8.77538998,3.960796126,0,1
11/20/2005,340.95,0,1,0,7,0,1,0,0,1,0,0,0,0,1,-26.18,0,0,0,0,11,0,0,0,0,0,1,0,0,71.526,279.2,2.2,353.95,0,1,1.4,4.074289969,0.975106752,0,1
11/21/2005,358.95,0,1,0,1,0,1,1,0,0,0,0,0,1,0,-32.57,0,0,0,0,11,0,0,0,0,0,1,0,0,72.557,278.4,4.6,371.95,1,0,1.53,5.809283754,0.974314844,1,0
11/22/2005,359,0,1,0,2,0,1,0,0,0,0,1,0,1,0,-27.5,0,0,0,0,11,0,0,0,0,0,1,0,0,113.039,299.2,7,367.68,1,0,2.37,5.558243664,-0.003989255,1,0
11/23/2005,351.5,0,1,0,3,0,1,0,0,0,0,0,1,1,0,-24.32,0,0,0,0,11,0,0,0,0,0,1,0,0,151.439,310.3,5.23,362.43,1,0,2.1,4.478857722,3.040989548,1,0
11/24/2005,344.8,0,1,0,4,0,1,0,0,0,1,0,0,1,0,-28.51,0,0,0,0,11,0,0,0,0,0,1,0,0,134.082,298.8,8.07,357.8,1,0,5.97,0.619282743,-4.225485624,1,0
11/25/2005,360.66,0,1,1,5,0,1,0,0,0,0,0,0,0,1,-27.01,0,0,0,0,11,0,0,0,0,0,1,0,0,126.498,305.4,2.44,373.66,1,0,5.1,-5.35487353,-7.337880734,1,0
11/26/2005,331.11,0,1,0,6,0,1,0,1,0,0,0,0,0,1,-26.53,0,0,0,0,11,0,0,0,0,0,1,0,0,97.614,305.2,5.66,344.11,0,1,5.13,-1.357941691,-5.668393044,0,1
11/27/2005,331.06,0,1,0,7,0,1,0,0,1,0,0,0,0,1,-26.85,0,0,0,0,11,0,0,0,0,0,1,0,0,97.614,297,4.35,344.06,0,1,2.75,1.723223173,0.009277637,0,1
11/28/2005,359.31,0,1,0,1,0,1,1,0,0,0,0,0,1,0,-29.19,0,0,0,0,11,0,0,0,0,0,1,0,0,123.546,302.3,3.89,372.31,1,0,3.23,0.035392867,-1.36880201,1,0
11/29/2005,358,0,1,0,2,0,1,0,0,0,0,1,0,1,0,-29.14,0,0,0,0,11,0,0,0,0,0,1,0,0,101.959,285.1,3.75,371.21,1,0,1.8,3.975595206,1.99102052,1,0
11/30/2005,344,0,1,0,3,0,1,0,0,0,0,0,1,1,0,-24.7,0,0,0,0,11,0,0,0,0,0,1,0,0,116.157,283.1,4.68,357,1,0,2,4.230555227,-0.249432465,1,0
12/1/2005,314,0,1,0,4,0,1,0,0,0,1,0,0,1,0,-25.82,0,0,1,0,12,0,0,0,0,0,0,0,0,104.161,293.4,9.21,327.36,1,0,7.5,0.590465556,-1.493880291,1,0
12/2/2005,307,0,1,1,5,0,1,0,0,0,0,0,0,0,1,-15.83,0,0,1,0,12,0,0,0,0,0,0,0,0,100.91,297.7,8.88,320.07,1,0,5.73,1.947274088,-0.357219253,1,0
12/3/2005,283,0,1,0,6,0,1,0,1,0,0,0,0,0,1,-18.17,0,0,1,0,12,0,0,0,0,0,0,0,0,104.59,290.7,8.28,310.53,0,1,5.1,1.974722721,1.158928618,0,1
12/4/2005,289,0,1,0,7,0,1,0,0,1,0,0,0,0,1,-18.71,0,0,1,0,12,0,0,0,0,0,0,0,0,104.59,301.4,7.19,317.83,0,1,1.63,7.94405735,7.478080888,0,1
12/5/2005,315,0,1,0,1,0,1,1,0,0,0,0,0,1,0,-25.29,0,0,1,0,12,0,0,0,0,0,0,0,0,116.015,307.9,7.63,328.07,1,0,4.27,2.394642299,0.524784024,1,0
12/6/2005,326,0,1,0,2,0,1,0,0,0,0,1,0,1,0,-27.85,0,0,1,0,12,0,0,0,0,0,0,0,0,102.196,303.9,5.89,339.18,1,0,2.5,4.038387,1.335588,1,0
12/7/2005,334.96,0,1,0,3,0,1,0,0,0,0,0,1,1,0,-27.2,0,0,1,0,12,0,0,0,0,0,0,0,0,97.944,314.4,4.53,347.96,1,0,1.97,4.175820651,1.158748137,1,0
12/8/2005,331.87,0,1,0,4,0,1,0,0,0,1,0,0,1,0,-27.34,0,0,1,0,12,0,0,0,0,0,0,0,0,90.046,309.8,7.23,344.87,1,0,3.83,2.665843484,0.770694397,1,0
12/9/2005,339.43,0,1,1,5,0,1,0,0,0,0,0,0,0,1,-26.41,0,0,1,0,12,0,0,0,0,0,0,0,0,77.668,319.6,3.96,352.43,1,0,2.17,2.953706228,1.339649124,1,0
12/10/2005,295.29,0,1,0,6,0,1,0,1,0,0,0,0,0,1,-17.99,0,0,1,0,12,0,0,0,0,0,0,0,0,74.663,318.1,7.21,335.71,0,1,2.533333333,5.365620555,3.226161683,0,1
12/11/2005,267.76,0,1,0,7,0,1,0,0,1,0,0,0,0,1,-18.03,0,0,1,0,12,0,0,0,0,0,0,0,0,74.663,307.6,2.6,330.19,0,1,2.366666667,0.924471751,0.593868719,0,1
12/12/2005,338.07,0,1,0,1,0,1,1,0,0,0,0,0,1,0,-25.9,0,0,1,0,12,0,0,0,0,0,0,0,0,78.373,301.7,6.93,351.07,1,0,4.6,1.021189313,-6.2773885,1,0
12/13/2005,341.7,0,1,0,2,0,1,0,0,0,0,1,0,1,0,-28.34,0,0,1,0,12,0,0,0,0,0,0,0,0,91.421,306.9,6.15,354.7,1,0,2.766666667,3.647935065,1.50893294,1,0
12/14/2005,320.21,0,1,0,3,0,1,0,0,0,0,0,1,1,0,-21.93,0,0,1,0,12,0,0,0,0,0,0,0,0,95.184,307.4,8.58,333.21,1,0,5.3125,2.07493492,-2.737319269,1,0
12/15/2005,298.62,0,1,0,4,0,1,0,0,0,1,0,0,1,0,-20.46,0,0,1,0,12,0,0,0,0,0,0,0,0,77.927,307.9,10.22,316.63,1,0,4.2,5.621114509,1.935341221,1,0
12/16/2005,308.35,0,1,1,5,0,1,0,0,0,0,0,0,0,1,-13.08,0,0,1,0,12,0,0,0,0,0,0,0,0,80.8,302.9,10.33,321.35,1,0,7.366666667,2.228582196,0.794302024,1,0
12/17/2005,350.23,0,1,0,6,0,1,0,1,0,0,0,0,0,1,-19.56,0,0,1,0,12,0,0,0,0,0,0,0,0,85.364,309.8,3.61,363.23,0,1,4.933333333,-3.616592919,-4.177241671,0,1
12/18/2005,349.08,0,1,0,7,0,1,0,0,1,0,0,0,0,1,-24.2,0,0,1,0,12,0,0,0,0,0,0,0,0,85.364,313,2.41,362.08,0,1,2.833333333,-0.622275419,-4.949169532,0,1
12/19/2005,340.7,0,1,0,1,0,1,1,0,0,0,0,0,1,0,-27.09,0,0,1,0,12,0,0,0,0,0,0,0,0,92.735,315.9,8.04,348.78,1,0,2.675111111,5.922097916,4.808316686,1,0
12/20/2005,341.9975887,0,1,0,2,0,1,0,0,0,0,1,0,1,0,-21.27,0,0,1,0,12,0,0,0,0,0,0,0,0,74.789,317,5.59,344.91,1,0,1.989185185,5.188773038,0.633048519,1,0
12/21/2005,301.48,0,1,0,3,0,1,0,0,0,0,0,1,1,0,-16.37,0,0,1,0,12,0,0,0,0,0,0,0,0,70.581,306.1,8.86,317.88,1,0,3.895079365,4.475953576,1.813394148,1,0
12/22/2005,302.81,0,1,0,4,0,1,0,0,0,1,0,0,1,0,-15.59,0,0,1,0,12,0,0,0,0,0,0,0,0,70.44,301.8106037,8.39,317.81,1,0,4.389925926,3.126242711,2.596178753,1,0
12/23/2005,253.53,0,1,1,5,0,1,0,0,0,0,0,0,0,1,-4.54,0,0,1,0,12,0,0,0,0,0,0,0,0,63.361,289.8023665,9.48,297.34,1,0,5.25,3.291911553,1.687775825,1,0
12/24/2005,250.83,0,1,0,6,0,1,0,1,0,0,0,0,0,1,-5.48,0,0,1,0,12,0,0,0,0,0,0,0,0,54.604,284.5756119,7.79,288.88,0,1,2.26,6.676339732,4.890799905,0,1
12/25/2005,259.71,0,1,0,7,0,1,0,0,1,0,0,0,0,1,-14.9,0,0,1,0,12,0,0,0,0,0,0,0,0,54.604,277.0573346,4.37,298.13,0,1,3.12,0.833751626,-0.26729355,0,1
12/26/2005,282.49,0,1,0,1,0,1,1,0,0,0,0,0,0,1,-5.49,0,0,1,0,12,0,0,0,0,0,0,0,0,54.604,296.8313573,4.11,314.96,0,1,3.22,0.307612929,-1.208752549,1,0
12/27/2005,327.4,0,1,0,2,0,1,0,0,0,0,1,0,0,1,-12.17214984,0,0,1,0,12,0,0,0,0,0,0,0,0,54.604,309.6466814,2.03,340.4,0,1,4.43,-4.670745712,-6.045235303,1,0
12/28/2005,378.8046942,0,1,0,3,0,1,0,0,0,0,0,1,1,0,-21.71913058,0,0,1,0,12,0,0,0,0,0,0,0,0,72.706,323.3259581,1.32,362.0725684,1,0,3.49,-3.512440657,-5.898196722,1,0
12/29/2005,414.7377537,0,1,0,4,0,1,0,0,0,1,0,0,1,0,-27.78942348,0,0,1,0,12,0,0,0,0,0,0,0,0,69.01207463,334.4383122,-1.64,389.5445542,1,0,3.17,-6.059740913,-6.65736397,1,0
12/30/2005,330.9900228,0,1,1,5,0,1,0,0,0,0,0,0,0,1,-12.65021285,0,0,1,0,12,0,0,0,0,0,0,0,0,76.15337938,321.8564928,9.85,332.4893843,1,0,6.65,2.23490392,-7.453111217,1,0
12/31/2005,302.370268,0,1,0,6,0,1,0,1,0,0,0,0,0,1,-7.072675456,0,0,1,0,12,0,0,0,0,0,0,0,0,82.38380673,318.5424966,6.69,317.2138187,0,1,6.23,-1.486020262,-1.499127833,0,1
1/1/2006,309.5934965,0,1,0,7,0,1,0,0,1,0,0,0,0,1,-8.524896239,0,0,0,0,1,1,0,0,0,0,0,0,0,85.84604628,314.1066365,6.86,323.1659246,0,1,5.61,-0.49923472,-2.52405457,0,1
1/2/2006,311.5643041,0,1,0,1,0,1,1,0,0,0,0,0,0,1,-12.04995917,0,0,0,0,1,1,0,0,0,0,0,0,0,89.10194887,310.7407948,7.3,319.1761462,0,1,3.33,3.694237586,0.444376774,1,0
1/3/2006,292.6729022,0,1,0,2,0,1,0,0,0,0,1,0,1,0,-8.404757473,0,0,0,0,1,1,0,0,0,0,0,0,0,84.89701587,305.5875314,11.91,303.6885536,1,0,3.92,8.043884224,6.091414284,1,0
1/4/2006,283.6925049,0,1,0,3,0,1,0,0,0,0,0,1,1,0,-7.507320034,0,0,0,0,1,1,0,0,0,0,0,0,0,84.19495203,303.3229471,11.74,298.5562188,1,0,3.15,9.061949141,8.757938147,1,0
1/5/2006,288.6336533,0,1,0,4,0,1,0,0,0,1,0,0,1,0,-9.194425894,0,0,0,0,1,1,0,0,0,0,0,0,0,85.08941395,302.1501541,9.68,305.7352144,1,0,2.39,8.339994698,10.14825409,1,0
1/6/2006,295.8051385,0,1,1,5,0,1,0,0,0,0,0,0,0,1,-12.22629555,0,0,0,0,1,1,0,0,0,0,0,0,0,85.08941395,305.1262799,9.77,300.9514071,1,0,3.62,6.003138993,5.387196835,1,0
